>>> def add_integer(a, b=98):
...    if not isinstance(a, int) and not isinstance(a, float):
...        raise TypeError('a must be an integer')
...    if not isinstance(b, int) and not isinstance(b, float):
...        raise TypeError('b must be an integer')
...    if isinstance(a, float):
...        a = int(a)
...    if isinstance(b, float):
...        b = int(b)
...
...    return a + b

>>> add_integer(3, 2)
5

>>> add_integer(-5, 2)
-3

>>> add_integer(5, -1)
4

>>> add_integer(-2, -3)
-5

>>> add_integer('hola', 5)
Traceback (most recent call last):
    ...
TypeError: a must be an integer

>>> add_integer(3, 'guiso')
Traceback (most recent call last):
    ...
TypeError: b must be an integer

>>> add_integer(4.7, 1.3)
5